vb_login_username=
LoginForm_Login=
in_benutzername=
form_userlogin=
form_loginname=
login_username=
securityLogin=
logonusername=
data_nickname=
emagicloginid=
email_address=
Email_Textbox=
hp_user_name=
Benutzername=
credential_0=
EmailAddress=
newLoginName=
strCodUtente=
use_username=
YaBBusername=
form_userid=
accountname=
cugUsername=
login_email=
mailaddress=
newusername=
spielername=
txtUsername=
screenname=
user_email=
membername=
nutzername=
j_username=
horde_user=
cardNumber=
A_userName=
l_username=
log_nummer=
login_name=
logon_name=
logon_user=
pop_login=
txtUserID=
loginname=
machlogin=
matchcode=
member_ID=
frmUserID=
fmembernr=
acct_name=
user_mail=
user_name=
benutzer=
acctname=
anwender=
log_name=
login_id=
nickform=
nickname=
txtlogin=
username=
kennung=
account=
insname=
loginid=
my_user=
sign-in=
user_id=
webuser=
bor_id=
codice=
iLogin=
emailn=
f_user=
p_user=
login1=
member=
userid=
U_Name=
ulogin=
z_name=
cuser=
Anick=
alias=
auser=
email=
gecko=
login=
p_uid=
uname=
kdid=
kdnr=
cpid=
NAME=
nick=
user=
log=
key=
uid=
uin=
usr=
an=
id=
un=
u=
